제목: 뱀과물 (Snake And Water)
작가: 배수아 [배, 수아]
작가: Suah Bae [Bae, Suah]
번역: Deborah Smith
출판일: 2017-12-07
설명: <![CDATA[
<p>A dystopian novel about totalitarianism.</p>
<p>Published in 1949.</p>
]]>
언어: ko
