제목: 뱀과물 (Snake And Water)
작가: 배수아 [배, 수아]
작가: Suah Bae [Bae, Suah]
번역: Deborah Smith
출판사: 문학동네
출판일: 2017-12-07
출판일: 2025-05-01
수정일: 2025-06-05
주제: 꿈
주제: 몽환
주제: 문학
설명: <![CDATA[
<p>A dystopian novel about totalitarianism.</p>
<p>Published in 1949.</p>
]]>
언어: en
권리: 권리를 존중해주세요
도서번호: ISBN 978-89-9470-250-6 13191
