제목: 뱀과 물
작가: Bad
Author

작가: Really Really
Bad Author [But has
Lovely Name]
출판일: 2017-12-07
언어: ko
도서번호: BAD
ISBN XXXXX
