제목: 뱀과 물
작가: 배수아
번역: Deborah Smith
출판일: 2017-12-07
언어: ko
도서번호: ISBN 978-89-9470-250-6 13191
