제목: <&>"'#//<&>"#
작가: <&>"#
작가: <&>"'#
번역: Deborah Smith
주제: 꿈
주제: 몽환
주제: 문학
출판사: 문학동네
출판일: 2024-05-01
수정일: 2024-06-05
작성일: 2017-12-07
언어: en
권리: 권리를 존중해주세요
도서번호: ISBN 978-89-9470-250-6 13191
