제목: 뱀과물 (Snake And Water)
작가: Suah Bae [Bae, Suah]
작가: 배수아 [배, 수아]
번역: Deborah Smith
주제: 꿈
주제: 몽환
주제: 문학
출판사: 문학동네
출판일: 2025-05-01
수정일: 2025-06-05
언어: ko
권리: 권리를 존중해주세요
도서번호: ISBN 978-89-9470-250-6 13191
